ERC report (2026-09-28T06:31:40, Encoding UTF8)
Report includes: Errors, Warnings, Exclusions

***** Sheet /
[pin_not_connected]: Pin not connected
    ; error
    @(2800 mils, 2150 mils): Symbol C1 Pin 1 [Passive, Line]
[pin_not_connected]: Pin not connected
    ; error
    @(3600 mils, 2750 mils): Symbol U1 Pin 5 [IN, Power input, Line]
[power_pin_not_driven]: Input Power pin not driven by any Output Power pins
    ; error
    @(3600 mils, 2750 mils): Symbol U1 Pin 5 [IN, Power input, Line]
[pin_not_connected]: Pin not connected
    ; error
    @(3600 mils, 2950 mils): Symbol U1 Pin 4 [EN, Input, Line]
[pin_not_driven]: Input pin not driven by any Output pins
    ; error
    @(3600 mils, 2950 mils): Symbol U1 Pin 4 [EN, Input, Line]
[pin_not_driven]: Input pin not driven by any Output pins
    ; error
    @(4200 mils, 2950 mils): Symbol U1 Pin 3 [FB, Input, Line]
[pin_not_connected]: Pin not connected
    ; error
    @(6200 mils, 2150 mils): Symbol C3 Pin 1 [Passive, Line]
[pin_not_connected]: Pin not connected
    ; error
    @(7200 mils, 2150 mils): Symbol R1 Pin 1 [Passive, Line]
[pin_not_connected]: Pin not connected
    ; error
    @(7700 mils, 2000 mils): Symbol #PWR08 Pin 1 [Power input, Line]
[power_pin_not_driven]: Input Power pin not driven by any Output Power pins
    ; error
    @(7700 mils, 2000 mils): Symbol #PWR08 Pin 1 [Power input, Line]
[unconnected_wire_endpoint]: Unconnected wire endpoint
    ; warning
    @(2800 mils, 2000 mils): Vertical Wire, length 150 mils
[unconnected_wire_endpoint]: Unconnected wire endpoint
    ; warning
    @(3600 mils, 2000 mils): Vertical Wire, length 950 mils
[isolated_pin_label]: Label connected to only one pin
    ; warning
    @(4400 mils, 2950 mils): Label 'FB'
[unconnected_wire_endpoint]: Unconnected wire endpoint
    ; warning
    @(6200 mils, 2000 mils): Vertical Wire, length 150 mils
[unconnected_wire_endpoint]: Unconnected wire endpoint
    ; warning
    @(7200 mils, 2000 mils): Vertical Wire, length 150 mils
[unconnected_wire_endpoint]: Unconnected wire endpoint
    ; warning
    @(7200 mils, 2550 mils): Horizontal Wire, length 200 mils
[isolated_pin_label]: Label connected to only one pin
    ; warning
    @(7400 mils, 2550 mils): Label 'FB'

 ** ERC messages: 17  Errors 10  Warnings 7

 ** Ignored checks:
    - Global label only appears once in the schematic
    - Four connection points are joined together
    - SPICE model issue
    - Assigned footprint doesn't match footprint filters
